<?php return array (
  0 => 'Symfony\\Bundle\\FrameworkBundle\\Controller\\AbstractController',
  1 => 'App\\Controller\\DesignController',
  2 => 'App\\Controller\\FirmaController',
  3 => 'App\\Controller\\PunkteController',
  4 => 'App\\Controller\\QrcodeController',
  5 => 'App\\Controller\\RabattController',
  6 => 'App\\Controller\\UserController',
  7 => 'App\\Entity\\Angestellte',
  8 => 'App\\Entity\\Betrieb',
  9 => 'App\\Entity\\Design',
  10 => 'App\\Entity\\DesignZuweisung',
  11 => 'App\\Entity\\Firma',
  12 => 'App\\Entity\\Punkte',
  13 => 'App\\Entity\\Qrcode',
  14 => 'App\\Entity\\Rabatt',
  15 => 'App\\Entity\\User',
  16 => 'App\\Entity\\UserRabatte',
  17 => 'Doctrine\\Bundle\\DoctrineBundle\\Controller\\ProfilerController',
  18 => 'Doctrine\\ORM\\Cache\\Persister\\Entity\\AbstractEntityPersister',
  19 => 'Doctrine\\ORM\\Cache\\Persister\\Entity\\CachedEntityPersister',
  20 => 'Doctrine\\ORM\\Cache\\Persister\\Entity\\NonStrictReadWriteCachedEntityPersister',
  21 => 'Doctrine\\ORM\\Cache\\Persister\\Entity\\ReadOnlyCachedEntityPersister',
  22 => 'Doctrine\\ORM\\Cache\\Persister\\Entity\\ReadWriteCachedEntityPersister',
  23 => 'Doctrine\\ORM\\Persisters\\Entity\\AbstractEntityInheritancePersister',
  24 => 'Doctrine\\ORM\\Persisters\\Entity\\BasicEntityPersister',
  25 => 'Doctrine\\ORM\\Persisters\\Entity\\CachedPersisterContext',
  26 => 'Doctrine\\ORM\\Persisters\\Entity\\EntityPersister',
  27 => 'Doctrine\\ORM\\Persisters\\Entity\\JoinedSubclassPersister',
  28 => 'Doctrine\\ORM\\Persisters\\Entity\\SingleTablePersister',
  30 => 'Symfony\\Bundle\\FrameworkBundle\\Controller\\ControllerResolver',
  31 => 'Symfony\\Bundle\\FrameworkBundle\\Controller\\RedirectController',
  32 => 'Symfony\\Bundle\\FrameworkBundle\\Controller\\TemplateController',
  33 => 'Symfony\\Bundle\\WebProfilerBundle\\Controller\\ExceptionPanelController',
  34 => 'Symfony\\Bundle\\WebProfilerBundle\\Controller\\ProfilerController',
  35 => 'Symfony\\Bundle\\WebProfilerBundle\\Controller\\RouterController',
  36 => 'Symfony\\Component\\HttpKernel\\Controller\\ArgumentResolver',
  37 => 'Symfony\\Component\\HttpKernel\\Controller\\ArgumentResolverInterface',
  38 => 'Symfony\\Component\\HttpKernel\\Controller\\ArgumentResolver\\DefaultValueResolver',
  39 => 'Symfony\\Component\\HttpKernel\\Controller\\ArgumentResolver\\NotTaggedControllerValueResolver',
  40 => 'Symfony\\Component\\HttpKernel\\Controller\\ArgumentResolver\\RequestAttributeValueResolver',
  41 => 'Symfony\\Component\\HttpKernel\\Controller\\ArgumentResolver\\RequestValueResolver',
  42 => 'Symfony\\Component\\HttpKernel\\Controller\\ArgumentResolver\\ServiceValueResolver',
  43 => 'Symfony\\Component\\HttpKernel\\Controller\\ArgumentResolver\\SessionValueResolver',
  44 => 'Symfony\\Component\\HttpKernel\\Controller\\ArgumentResolver\\TraceableValueResolver',
  45 => 'Symfony\\Component\\HttpKernel\\Controller\\ArgumentResolver\\VariadicValueResolver',
  46 => 'Symfony\\Component\\HttpKernel\\Controller\\ArgumentValueResolverInterface',
  47 => 'Symfony\\Component\\HttpKernel\\Controller\\ContainerControllerResolver',
  48 => 'Symfony\\Component\\HttpKernel\\Controller\\ControllerReference',
  49 => 'Symfony\\Component\\HttpKernel\\Controller\\ControllerResolver',
  50 => 'Symfony\\Component\\HttpKernel\\Controller\\ControllerResolverInterface',
  51 => 'Symfony\\Component\\HttpKernel\\Controller\\ErrorController',
  52 => 'Symfony\\Component\\HttpKernel\\Controller\\TraceableArgumentResolver',
  53 => 'Symfony\\Component\\HttpKernel\\Controller\\TraceableControllerResolver',
  54 => 'Symfony\\Component\\Security\\Http\\Controller\\UserValueResolver',
);